#
# There is insufficient memory for the Java Runtime Environment to continue.
# Native memory allocation (malloc) failed to allocate 1048576 bytes for AllocateHeap
# Possible reasons:
#   The system is out of physical RAM or swap space
#   The process is running with CompressedOops enabled, and the Java Heap may be blocking the growth of the native heap
# Possible solutions:
#   Reduce memory load on the system
#   Increase physical memory or swap space
#   Check if swap backing store is full
#   Decrease Java heap size (-Xmx/-Xms)
#   Decrease number of Java threads
#   Decrease Java thread stack sizes (-Xss)
#   Set larger code cache with -XX:ReservedCodeCacheSize=
#   JVM is running with Zero Based Compressed Oops mode in which the Java heap is
#     placed in the first 32GB address space. The Java Heap base address is the
#     maximum limit for the native heap growth. Please use -XX:HeapBaseMinAddress
#     to set the Java Heap base and to place the Java Heap above 32GB virtual address.
# This output file may be truncated or incomplete.
#
#  Out of Memory Error (allocation.cpp:44), pid=30204, tid=28240
#
# JRE version:  (21.0.8+12) (build )
# Java VM: Java HotSpot(TM) 64-Bit Server VM (21.0.8+12-LTS-250, mixed mode, emulated-client, sharing, tiered, compressed oops, compressed class ptrs, g1 gc, windows-amd64)
# No core dump will be written. Minidumps are not enabled by default on client versions of Windows
#

---------------  S U M M A R Y ------------

Command Line: -agentlib:jdwp=transport=dt_socket,address=127.0.0.1:32883,suspend=y,server=n -javaagent:D:\IntelliJ_IDEA_2025.1.3\plugins\java\lib\rt\debugger-agent.jar=file:///C:/Users/31031/AppData/Local/Temp/capture11306407485467168190.props -agentpath:D:\IntelliJ_IDEA_2025.1.3\lib\async-profiler\amd64\libasyncProfiler.dll=version,jfr,event=wall,interval=10ms,cstack=no,file=C:\Users\31031\IdeaSnapshots\GatewayServiceApplication_2025_11_13_111200.jfr,dbghelppath=D:\IntelliJ_IDEA_2025.1.3\lib\async-profiler\amd64\dbghelp.dll,log=C:\Users\31031\AppData\Local\Temp\GatewayServiceApplication_2025_11_13_111200.jfr.log.txt,logLevel=DEBUG -XX:TieredStopAtLevel=1 -Dspring.output.ansi.enabled=always -Dcom.sun.management.jmxremote -Dspring.jmx.enabled=true -Dspring.liveBeansView.mbeanDomain -Dspring.application.admin.enabled=true -Dmanagement.endpoints.jmx.exposure.include=* -Dkotlinx.coroutines.debug.enable.creation.stack.trace=false -Ddebugger.agent.enable.coroutines=true -Dkotlinx.coroutines.debug.enable.flows.stack.trace=true -Dkotlinx.coroutines.debug.enable.mutable.state.flows.stack.trace=true -Dfile.encoding=UTF-8 -Dsun.stdout.encoding=UTF-8 -Dsun.stderr.encoding=UTF-8 org.rail.gatewayservice.GatewayServiceApplication

Host: 12th Gen Intel(R) Core(TM) i7-12700H, 20 cores, 15G,  Windows 11 , 64 bit Build 26100 (10.0.26100.7019)
Time: Thu Nov 13 11:12:01 2025  Windows 11 , 64 bit Build 26100 (10.0.26100.7019) elapsed time: 0.611788 seconds (0d 0h 0m 0s)

---------------  T H R E A D  ---------------

Current thread (0x000001fd90459300):  JavaThread "Unknown thread" [_thread_in_vm, id=28240, stack(0x0000009596800000,0x0000009596900000) (1024K)]

Stack: [0x0000009596800000,0x0000009596900000]
Native frames: (J=compiled Java code, j=interpreted, Vv=VM code, C=native code)
V  [jvm.dll+0x6cc179]
V  [jvm.dll+0x8584c1]
V  [jvm.dll+0x85a9ee]
V  [jvm.dll+0x85b0c3]
V  [jvm.dll+0x27ebf6]
V  [jvm.dll+0xbfae7]
V  [jvm.dll+0x331415]
V  [jvm.dll+0x329961]
V  [jvm.dll+0x821879]
V  [jvm.dll+0x3bc541]
V  [jvm.dll+0x80aaf8]
V  [jvm.dll+0x45172e]
V  [jvm.dll+0x453321]
C  [jli.dll+0x52a3]
C  [ucrtbase.dll+0x37b0]
C  [KERNEL32.DLL+0x2e8d7]
C  [ntdll.dll+0x8c53c]


---------------  P R O C E S S  ---------------

Threads class SMR info:
_java_thread_list=0x00007ff816e1fc48, length=0, elements={
}

Java Threads: ( => current thread )
Total: 0

Other Threads:
  0x000001fd98b9dc00 WorkerThread "GC Thread#0"                     [id=40040, stack(0x0000009596900000,0x0000009596a00000) (1024K)]

[error occurred during error reporting (printing all threads), id 0xc0000005, EXCEPTION_ACCESS_VIOLATION (0xc0000005) at pc=0x00007ff816585ed0]
VM state: not at safepoint (not fully initialized)

VM Mutex/Monitor currently owned by a thread:  ([mutex/lock_event])
[0x00007ff816e90f50] Heap_lock - owner thread: 0x000001fd90459300

Heap address: 0x0000000702e00000, size: 4050 MB, Compressed Oops mode: Zero based, Oop shift amount: 3

CDS archive(s) mapped at: [0x0000000000000000-0x0000000000000000-0x0000000000000000), size 0, SharedBaseAddress: 0x0000000800000000, ArchiveRelocationMode: 1.
Narrow klass base: 0x0000000000000000, Narrow klass shift: 0, Narrow klass range: 0x0

GC Precious Log:
 CardTable entry size: 512
 Card Set container configuration: InlinePtr #cards 4 size 8 Array Of Cards #cards 16 size 48 Howl #buckets 8 coarsen threshold 3686 Howl Bitmap #cards 512 size 80 coarsen threshold 460 Card regions per heap region 1 cards per card region 4096

Heap:
 garbage-first heap   total 0K, used 0K [0x0000000702e00000, 0x0000000800000000)
  region size 2048K, 0 young (0K), 0 survivors (0K)

[error occurred during error reporting (printing heap information), id 0xc0000005, EXCEPTION_ACCESS_VIOLATION (0xc0000005) at pc=0x00007ff8169751e9]
GC Heap History (0 events):
No events

Dll operation events (2 events):
Event: 0.212 Loaded shared library D:\Java\bin\java.dll
Event: 0.214 Loaded shared library D:\Java\bin\zip.dll

Deoptimization events (0 events):
No events

Classes loaded (0 events):
No events

Classes unloaded (0 events):
No events

Classes redefined (0 events):
No events

Internal exceptions (0 events):
No events

ZGC Phase Switch (0 events):
No events

VM Operations (0 events):
No events

Events (0 events):
No events


Dynamic libraries:
0x00007ff7f1840000 - 0x00007ff7f1850000 	D:\Java\bin\java.exe
0x00007ff89aee0000 - 0x00007ff89b148000 	C:\WINDOWS\SYSTEM32\ntdll.dll
0x00007ff8991c0000 - 0x00007ff899289000 	C:\WINDOWS\System32\KERNEL32.DLL
0x00007ff898490000 - 0x00007ff898888000 	C:\WINDOWS\System32\KERNELBASE.dll
0x00007ff898310000 - 0x00007ff89845b000 	C:\WINDOWS\System32\ucrtbase.dll
0x00007ff88af10000 - 0x00007ff88af29000 	D:\Java\bin\jli.dll
0x00007ff88afd0000 - 0x00007ff88afeb000 	D:\Java\bin\VCRUNTIME140.dll
0x00007ff898f30000 - 0x00007ff898fe4000 	C:\WINDOWS\System32\ADVAPI32.dll
0x00007ff899890000 - 0x00007ff899939000 	C:\WINDOWS\System32\msvcrt.dll
0x00007ff898df0000 - 0x00007ff898e96000 	C:\WINDOWS\System32\sechost.dll
0x00007ff89ad80000 - 0x00007ff89ae98000 	C:\WINDOWS\System32\RPCRT4.dll
0x00007ff899320000 - 0x00007ff8994e7000 	C:\WINDOWS\System32\USER32.dll
0x00007ff898460000 - 0x00007ff898487000 	C:\WINDOWS\System32\win32u.dll
0x00007ff899190000 - 0x00007ff8991bb000 	C:\WINDOWS\System32\GDI32.dll
0x00007ff87bb00000 - 0x00007ff87bd94000 	C:\WINDOWS\WinSxS\amd64_microsoft.windows.common-controls_6595b64144ccf1df_6.0.26100.7019_none_3e06ffa0e335b8a8\COMCTL32.dll
0x00007ff8989e0000 - 0x00007ff898b0c000 	C:\WINDOWS\System32\gdi32full.dll
0x00007ff898030000 - 0x00007ff8980d3000 	C:\WINDOWS\System32\msvcp_win.dll
0x00007ff8904b0000 - 0x00007ff8904bb000 	C:\WINDOWS\SYSTEM32\VERSION.dll
0x00007ff8990b0000 - 0x00007ff8990e1000 	C:\WINDOWS\System32\IMM32.DLL
0x00007ff892b70000 - 0x00007ff892b7c000 	D:\Java\bin\vcruntime140_1.dll
0x00007ff881750000 - 0x00007ff8817de000 	D:\Java\bin\msvcp140.dll
0x00007ff816250000 - 0x00007ff816f6d000 	D:\Java\bin\server\jvm.dll
0x00007ff898eb0000 - 0x00007ff898f24000 	C:\WINDOWS\System32\WS2_32.dll
0x00007ff897930000 - 0x00007ff89798e000 	C:\WINDOWS\SYSTEM32\POWRPROF.dll
0x00007ff885180000 - 0x00007ff8851b5000 	C:\WINDOWS\SYSTEM32\WINMM.dll
0x00007ff8978d0000 - 0x00007ff8978e4000 	C:\WINDOWS\SYSTEM32\UMPDC.dll
0x00007ff896d50000 - 0x00007ff896d6b000 	C:\WINDOWS\SYSTEM32\kernel.appcore.dll
0x00007ff88c8c0000 - 0x00007ff88c8ca000 	D:\Java\bin\jimage.dll
0x00007ff895290000 - 0x00007ff8954d2000 	C:\WINDOWS\SYSTEM32\DBGHELP.DLL
0x00007ff899c30000 - 0x00007ff899fbb000 	C:\WINDOWS\System32\combase.dll
0x00007ff899af0000 - 0x00007ff899bc7000 	C:\WINDOWS\System32\OLEAUT32.dll
0x00007ff878be0000 - 0x00007ff878c1c000 	C:\WINDOWS\SYSTEM32\dbgcore.DLL
0x00007ff898260000 - 0x00007ff898305000 	C:\WINDOWS\System32\bcryptPrimitives.dll
0x00007ff8814d0000 - 0x00007ff88150c000 	D:\Java\bin\jdwp.dll
0x00007ff88a890000 - 0x00007ff88a89f000 	D:\Java\bin\instrument.dll
0x00007ff88aef0000 - 0x00007ff88af0f000 	D:\Java\bin\java.dll
0x00007ff81f090000 - 0x00007ff81f2a1000 	D:\IntelliJ_IDEA_2025.1.3\lib\async-profiler\amd64\libasyncProfiler.dll
0x00007ff885160000 - 0x00007ff885178000 	D:\Java\bin\zip.dll

dbghelp: loaded successfully - version: 4.0.5 - missing functions: none
symbol engine: initialized successfully - sym options: 0x614 - pdb path: .;D:\Java\bin;C:\WINDOWS\SYSTEM32;C:\WINDOWS\WinSxS\amd64_microsoft.windows.common-controls_6595b64144ccf1df_6.0.26100.7019_none_3e06ffa0e335b8a8;D:\Java\bin\server;D:\IntelliJ_IDEA_2025.1.3\lib\async-profiler\amd64

VM Arguments:
jvm_args: -agentlib:jdwp=transport=dt_socket,address=127.0.0.1:32883,suspend=y,server=n -javaagent:D:\IntelliJ_IDEA_2025.1.3\plugins\java\lib\rt\debugger-agent.jar=file:///C:/Users/31031/AppData/Local/Temp/capture11306407485467168190.props -agentpath:D:\IntelliJ_IDEA_2025.1.3\lib\async-profiler\amd64\libasyncProfiler.dll=version,jfr,event=wall,interval=10ms,cstack=no,file=C:\Users\31031\IdeaSnapshots\GatewayServiceApplication_2025_11_13_111200.jfr,dbghelppath=D:\IntelliJ_IDEA_2025.1.3\lib\async-profiler\amd64\dbghelp.dll,log=C:\Users\31031\AppData\Local\Temp\GatewayServiceApplication_2025_11_13_111200.jfr.log.txt,logLevel=DEBUG -XX:TieredStopAtLevel=1 -Dspring.output.ansi.enabled=always -Dcom.sun.management.jmxremote -Dspring.jmx.enabled=true -Dspring.liveBeansView.mbeanDomain -Dspring.application.admin.enabled=true -Dmanagement.endpoints.jmx.exposure.include=* -Dkotlinx.coroutines.debug.enable.creation.stack.trace=false -Ddebugger.agent.enable.coroutines=true -Dkotlinx.coroutines.debug.enable.flows.stack.trace=true -Dkotlinx.coroutines.debug.enable.mutable.state.flows.stack.trace=true -Dfile.encoding=UTF-8 -Dsun.stdout.encoding=UTF-8 -Dsun.stderr.encoding=UTF-8 
java_command: org.rail.gatewayservice.GatewayServiceApplication
java_class_path (initial): D:\repository\railtick-system\gateway-service\target\classes;C:\Users\31031\.m2\repository\org\springframework\boot\spring-boot-starter\3.5.7\spring-boot-starter-3.5.7.jar;C:\Users\31031\.m2\repository\org\springframework\boot\spring-boot\3.5.7\spring-boot-3.5.7.jar;C:\Users\31031\.m2\repository\org\springframework\spring-context\6.2.12\spring-context-6.2.12.jar;C:\Users\31031\.m2\repository\org\springframework\spring-aop\6.2.12\spring-aop-6.2.12.jar;C:\Users\31031\.m2\repository\org\springframework\spring-expression\6.2.12\spring-expression-6.2.12.jar;C:\Users\31031\.m2\repository\org\springframework\boot\spring-boot-autoconfigure\3.5.7\spring-boot-autoconfigure-3.5.7.jar;C:\Users\31031\.m2\repository\org\springframework\boot\spring-boot-starter-logging\3.5.7\spring-boot-starter-logging-3.5.7.jar;C:\Users\31031\.m2\repository\ch\qos\logback\logback-classic\1.5.20\logback-classic-1.5.20.jar;C:\Users\31031\.m2\repository\ch\qos\logback\logback-core\1.5.20\logback-core-1.5.20.jar;C:\Users\31031\.m2\repository\org\apache\logging\log4j\log4j-to-slf4j\2.24.3\log4j-to-slf4j-2.24.3.jar;C:\Users\31031\.m2\repository\org\apache\logging\log4j\log4j-api\2.24.3\log4j-api-2.24.3.jar;C:\Users\31031\.m2\repository\org\slf4j\jul-to-slf4j\2.0.17\jul-to-slf4j-2.0.17.jar;C:\Users\31031\.m2\repository\jakarta\annotation\jakarta.annotation-api\2.1.1\jakarta.annotation-api-2.1.1.jar;C:\Users\31031\.m2\repository\org\yaml\snakeyaml\2.4\snakeyaml-2.4.jar;C:\Users\31031\.m2\repository\org\slf4j\slf4j-api\2.0.17\slf4j-api-2.0.17.jar;C:\Users\31031\.m2\repository\com\vaadin\external\google\android-json\0.0.20131108.vaadin1\android-json-0.0.20131108.vaadin1.jar;C:\Users\31031\.m2\repository\org\springframework\spring-core\6.2.12\spring-core-6.2.12.jar;C:\Users\31031\.m2\repository\org\springframework\spring-jcl\6.2.12\spring-jcl-6.2.12.jar;C:\Users\31031\.m2\repository\org\projectlombok\lombok\1.18.42\lombok-1.18.42.jar;C:\Users\31031\.m2\repository\org\springframework\cloud\spring-cloud-starter-gateway\4.3.2\spring-cloud-starter-gateway-4.3.2.jar;C:\Users\31031\.m2\repository\org\springframework\cloud\spring-cloud-starter\4.3.0\spring-cloud-starter-4.3.0.jar;C:\Users\31031\.m2\repository\org\bouncycastle\bcprov-jdk18on\1.80\bcprov-jdk18on-1.80.jar;C:\Users\31031\.m2\repository\org\springframework\cloud\spring-cloud-gateway-server\4.3.2\spring-cloud-gateway-server-4.3.2.jar;C:\Users\31031\.m2\repository\org\springframework\boot\spring-boot-starter-validation\3.5.7\spring-boot-starter-validation-3.5.7.jar;C:\Users\31031\.m2\repository\org\apache\tomcat\embed\tomcat-embed-el\10.1.48\tomcat-embed-el-10.1.48.jar;C:\Users\31031\.m2\repository\org\hibernate\validator\hibernate-validator\8.0.3.Final\hibernate-validator-8.0.3.Final.jar;C:\Users\31031\.m2\repository\jakarta\validation\jakarta.validation-api\3.0.2\jakarta.validation-api-3.0.2.jar;C:\Users\31031\.m2\repository\org\jboss\logging\jboss-logging\3.6.1.Final\jboss-logging-3.6.1.Final.jar;C:\Users\31031\.m2\repository\com\fasterxml\classmate\1.7.1\classmate-1.7.1.jar;C:\Users\31031\.m2\repository\io\projectreactor\addons\reactor-extra\3.5.4\reactor-extra-3.5.4.jar;C:\Users\31031\.m2\repository\org\springframework\boot\spring-boot-starter-webflux\3.5.7\spring-boot-starter-webflux-3.5.7.jar;C:\Users\31031\.m2\repository\org\springframework\boot\spring-boot-starter-json\3.5.7\spring-boot-starter-json-3.5.7.jar;C:\Users\31031\.m2\repository\com\fasterxml\jackson\datatype\jackson-datatype-jdk8\2.19.2\jackson-datatype-jdk8-2.19.2.jar;C:\Users\31031\.m2\repository\com\fasterxml\jackson\datatype\jackson-datatype-jsr310\2.19.2\jackson-datatype-jsr310-2.19.2.jar;C:\Users\31031\.m2\repository\com\fasterxml\jackson\module\jackson-module-parameter-names\2.19.2\jackson-module-parameter-names-2.19.2.jar;C:\Users\31031\.m2\repository\org\springframework\boot\spring-boot-starter-reactor-netty\3.5.7\spring-boot-starter-reactor-netty-3.5.7.jar;C:\Users\31031\.m2\repository\io\projectreactor\netty\reactor-netty-http\1.2.11\reactor-netty-http-1.2.11.jar;C:\Users\31031\.m2\repository\io\netty\netty-codec-http\4.1.128.Final\netty-codec-http-4.1.128.Final.jar;C:\Users\31031\.m2\repository\io\netty\netty-common\4.1.128.Final\netty-common-4.1.128.Final.jar;C:\Users\31031\.m2\repository\io\netty\netty-buffer\4.1.128.Final\netty-buffer-4.1.128.Final.jar;C:\Users\31031\.m2\repository\io\netty\netty-transport\4.1.128.Final\netty-transport-4.1.128.Final.jar;C:\Users\31031\.m2\repository\io\netty\netty-codec\4.1.128.Final\netty-codec-4.1.128.Final.jar;C:\Users\31031\.m2\repository\io\netty\netty-handler\4.1.128.Final\netty-handler-4.1.128.Final.jar;C:\Users\31031\.m2\repository\io\netty\netty-codec-http2\4.1.128.Final\netty-codec-http2-4.1.128.Final.jar;C:\Users\31031\.m2\repository\io\netty\netty-resolver-dns\4.1.128.Final\netty-resolver-dns-4.1.128.Final.jar;C:\Users\31031\.m2\repository\io\netty\netty-resolver\4.1.128.Final\netty-resolver-4.1.128.Final.jar;C:\Users\31031\.m2\repository\io\netty\netty-codec-dns\4.1.128.Final\netty-codec-dns-4.1.128.Final.jar;C:\Users\31031\.m2\repository\io\netty\netty-resolver-dns-native-macos\4.1.128.Final\netty-resolver-dns-native-macos-4.1.128.Final-osx-x86_64.jar;C:\Users\31031\.m2\repository\io\netty\netty-resolver-dns-classes-macos\4.1.128.Final\netty-resolver-dns-classes-macos-4.1.128.Final.jar;C:\Users\31031\.m2\repository\io\netty\netty-transport-native-epoll\4.1.128.Final\netty-transport-native-epoll-4.1.128.Final-linux-x86_64.jar;C:\Users\31031\.m2\repository\io\netty\netty-transport-native-unix-common\4.1.128.Final\netty-transport-native-unix-common-4.1.128.Final.jar;C:\Users\31031\.m2\repository\io\netty\netty-transport-classes-epoll\4.1.128.Final\netty-transport-classes-epoll-4.1.128.Final.jar;C:\Users\31031\.m2\repository\io\projectreactor\netty\reactor-netty-core\1.2.11\reactor-netty-core-1.2.11.jar;C:\Users\31031\.m2\repository\io\netty\netty-handler-proxy\4.1.128.Final\netty-handler-proxy-4.1.128.Final.jar;C:\Users\31031\.m2\repository\io\netty\netty-codec-socks\4.1.128.Final\netty-codec-socks-4.1.128.Final.jar;C:\Users\31031\.m2\repository\org\springframework\spring-web\6.2.12\spring-web-6.2.12.jar;C:\Users\31031\.m2\repository\org\springframework\spring-beans\6.2.12\spring-beans-6.2.12.jar;C:\Users\31031\.m2\repository\io\micrometer\micrometer-observation\1.15.5\micrometer-observation-1.15.5.jar;C:\Users\31031\.m2\repository\org\springframework\spring-webflux\6.2.12\spring-webflux-6.2.12.jar;C:\Users\31031\.m2\repository\org\springframework\boot\spring-boot-properties-migrator\3.5.7\spring-boot-properties-migrator-3.5.7.jar;C:\Users\31031\.m2\repository\org\springframework\boot\spring-boot-configuration-metadata\3.5.7\spring-boot-configuration-metadata-3.5.7.jar;C:\Users\31031\.m2\repository\com\alibaba\cloud\spring-cloud-starter-alibaba-nacos-discovery\2025.0.0.0\spring-cloud-starter-alibaba-nacos-discovery-2025.0.0.0.jar;C:\Users\31031\.m2\repository\com\alibaba\cloud\spring-cloud-alibaba-commons\2025.0.0.0\spring-cloud-alibaba-commons-2025.0.0.0.jar;C:\Users\31031\.m2\repository\com\alibaba\nacos\nacos-client\3.1.0\nacos-client-3.1.0.jar;C:\Users\31031\.m2\repository\com\alibaba\nacos\nacos-client-basic\3.1.0\nacos-client-basic-3.1.0.jar;C:\Users\31031\.m2\repository\com\alibaba\nacos\nacos-auth-plugin\3.1.0\nacos-auth-plugin-3.1.0.jar;C:\Users\31031\.m2\repository\com\alibaba\nacos\nacos-encryption-plugin\3.1.0\nacos-encryption-plugin-3.1.0.jar;C:\Users\31031\.m2\repository\com\alibaba\nacos\logback-adapter\1.1.4\logback-adapter-1.1.4.jar;C:\Users\31031\.m2\repository\com\alibaba\nacos\nacos-log4j2-adapter\3.1.0\nacos-log4j2-adapter-3.1.0.jar;C:\Users\31031\.m2\repository\com\fasterxml\jackson\core\jackson-core\2.19.2\jackson-core-2.19.2.jar;C:\Users\31031\.m2\repository\org\apache\httpcomponents\client5\httpclient5\5.5.1\httpclient5-5.5.1.jar;C:\Users\31031\.m2\repository\org\apache\httpcomponents\core5\httpcore5-h2\5.3.6\httpcore5-h2-5.3.6.jar;C:\Users\31031\.m2\repository\org\apache\httpcomponents\core5\httpcore5\5.3.6\httpcore5-5.3.6.jar;C:\Users\31031\.m2\repository\io\prometheus\simpleclient\0.16.0\simpleclient-0.16.0.jar;C:\Users\31031\.m2\repository\io\prometheus\simpleclient_tracer_otel\0.16.0\simpleclient_tracer_otel-0.16.0.jar;C:\Users\31031\.m2\repository\io\prometheus\simpleclient_tracer_common\0.16.0\simpleclient_tracer_common-0.16.0.jar;C:\Users\31031\.m2\repository\io\prometheus\simpleclient_tracer_otel_agent\0.16.0\simpleclient_tracer_otel_agent-0.16.0.jar;C:\Users\31031\.m2\repository\io\micrometer\micrometer-core\1.15.5\micrometer-core-1.15.5.jar;C:\Users\31031\.m2\repository\io\micrometer\micrometer-commons\1.15.5\micrometer-commons-1.15.5.jar;C:\Users\31031\.m2\repository\org\hdrhistogram\HdrHistogram\2.2.2\HdrHistogram-2.2.2.jar;C:\Users\31031\.m2\repository\org\latencyutils\LatencyUtils\2.0.3\LatencyUtils-2.0.3.jar;C:\Users\31031\.m2\repository\org\springframework\cloud\spring-cloud-commons\4.3.0\spring-cloud-commons-4.3.0.jar;C:\Users\31031\.m2\repository\org\springframework\security\spring-security-crypto\6.5.6\spring-security-crypto-6.5.6.jar;C:\Users\31031\.m2\repository\org\springframework\cloud\spring-cloud-context\4.3.0\spring-cloud-context-4.3.0.jar;C:\Users\31031\.m2\repository\org\springframework\cloud\spring-cloud-starter-loadbalancer\4.3.0\spring-cloud-starter-loadbalancer-4.3.0.jar;C:\Users\31031\.m2\repository\org\springframework\cloud\spring-cloud-loadbalancer\4.3.0\spring-cloud-loadbalancer-4.3.0.jar;C:\Users\31031\.m2\repository\io\projectreactor\reactor-core\3.7.12\reactor-core-3.7.12.jar;C:\Users\31031\.m2\repository\org\reactivestreams\reactive-streams\1.0.4\reactive-streams-1.0.4.jar;C:\Users\31031\.m2\repository\org\springframework\boot\spring-boot-starter-cache\3.5.7\spring-boot-starter-cache-3.5.7.jar;C:\Users\31031\.m2\repository\org\springframework\spring-context-support\6.2.12\spring-context-support-6.2.12.jar;C:\Users\31031\.m2\repository\com\stoyanr\evictor\1.0.0\evictor-1.0.0.jar;C:\Users\31031\.m2\repository\io\jsonwebtoken\jjwt-api\0.11.5\jjwt-api-0.11.5.jar;C:\Users\31031\.m2\repository\io\jsonwebtoken\jjwt-impl\0.11.5\jjwt-impl-0.11.5.jar;C:\Users\31031\.m2\repository\io\jsonwebtoken\jjwt-jackson\0.11.5\jjwt-jackson-0.11.5.jar;C:\Users\31031\.m2\repository\com\fasterxml\jackson\core\jackson-databind\2.19.2\jackson-databind-2.19.2.jar;C:\Users\31031\.m2\repository\com\fasterxml\jackson\core\jackson-annotations\2.19.2\jackson-annotations-2.19.2.jar;D:\IntelliJ_IDEA_2025.1.3\lib\idea_rt.jar
Launcher Type: SUN_STANDARD

[Global flags]
     intx CICompilerCount                          = 12                                        {product} {ergonomic}
     uint ConcGCThreads                            = 4                                         {product} {ergonomic}
     uint G1ConcRefinementThreads                  = 15                                        {product} {ergonomic}
   size_t G1HeapRegionSize                         = 2097152                                   {product} {ergonomic}
    uintx GCDrainStackTargetSize                   = 64                                        {product} {ergonomic}
   size_t InitialHeapSize                          = 266338304                                 {product} {ergonomic}
     bool ManagementServer                         = true                                      {product} {command line}
   size_t MarkStackSize                            = 4194304                                   {product} {ergonomic}
   size_t MaxHeapSize                              = 4246732800                                {product} {ergonomic}
   size_t MinHeapDeltaBytes                        = 2097152                                   {product} {ergonomic}
   size_t MinHeapSize                              = 8388608                                   {product} {ergonomic}
    uintx NonNMethodCodeHeapSize                   = 4096                                   {pd product} {ergonomic}
    uintx NonProfiledCodeHeapSize                  = 0                                      {pd product} {ergonomic}
     bool ProfileInterpreter                       = false                                  {pd product} {command line}
    uintx ProfiledCodeHeapSize                     = 0                                      {pd product} {ergonomic}
   size_t SoftMaxHeapSize                          = 4246732800                             {manageable} {ergonomic}
     intx TieredStopAtLevel                        = 1                                         {product} {command line}
     bool UseCompressedOops                        = true                           {product lp64_product} {ergonomic}
     bool UseG1GC                                  = true                                      {product} {ergonomic}
     bool UseLargePagesIndividualAllocation        = false                                  {pd product} {ergonomic}

Logging:
Log output configuration:
 #0: stdout all=warning uptime,level,tags foldmultilines=false
 #1: stderr all=off uptime,level,tags foldmultilines=false

Environment Variables:
PATH=C:\ProgramData\chocolatey\bin;C:\Program Files\Common Files\Oracle\Java\javapath;C:\Program Files\NVIDIA GPU Computing Toolkit\CUDA\v10.2\bin;C:\Program Files\NVIDIA GPU Computing Toolkit\CUDA\v10.2\libnvvp;D:\Apply\VM\bin\;C:\WINDOWS\system32;C:\WINDOWS;C:\WINDOWS\System32\Wbem;C:\WINDOWS\System32\WindowsPowerShell\v1.0\;C:\WINDOWS\System32\OpenSSH\;C:\Program Files (x86)\Windows Kits\10\Windows Performance Toolkit\;C:\Program Files (x86)\Flash Magic;C:\Program Files\dotnet\;C:\Program Files\NVIDIA Corporation\Nsight Compute 2019.5.0\;C:\Program Files (x86)\NVIDIA Corporation\PhysX\Common;C:\ProgramData\NVIDIA Corporation\CUDA Samples\v10.2\bin;D:\微信web开发者工具\dll;%NVM_H;ME%;C:\nvm4w\nodejs;C:\Program Files\nodejs\;C:\Program Files\Git\cmd;C:\Users\31031\.m2\wrapper\dists\apache-maven-3.9.11-bin\6mqf5t809d9geo83kj4ttckcbc\apache-maven-3.9.11\bin;C:\ProgramData\Microsoft\Windows\Start Menu\Programs\Node.js;C:\ProgramData\Microsoft\Windows\Start Menu\Programs\NVM for Windows;C:\Users\31031\AppData\Local\Programs\Python\Python39\;C:\Users\31031\AppData\Local\Programs\Python\Python39\Scripts\;C:\Users\31031\AppData\Local\Microsoft\WindowsApps;C:\Users\31031\AppData\Local\Programs\Microsoft VS Code\bin;C:\MySQL\MySQL_Server_9.2\bin;C:\Users\31031\.dotnet\tools;C:\Program Files\JetBrains\PyCharm 2025.1\bin;;C:\Users\31031\AppData\Local\Google\Chrome\Application;C:\Users\31031\AppData\Local\GitHubDesktop\bin;D:\IntelliJ_IDEA_2025.1.3\IntelliJ IDEA 2025.1.3\bin;;D:\Redis-x64-5.0.14.1;C:\Users\31031\AppData\Local\nvm;C:\nvm4w\nodejs;C:\Users\31031\AppData\Roaming\npm;D:\cursor\resources\app\bin;D:\cpolar\;D:\apache-jmeter-5.6.3\bin;C:\Qt\6.5.3\msvc2019_64\bin;
USERNAME=31031
OS=Windows_NT
PROCESSOR_IDENTIFIER=Intel64 Family 6 Model 154 Stepping 3, GenuineIntel
TMP=C:\Users\31031\AppData\Local\Temp
TEMP=C:\Users\31031\AppData\Local\Temp




Periodic native trim disabled

---------------  S Y S T E M  ---------------

OS:
 Windows 11 , 64 bit Build 26100 (10.0.26100.7019)
OS uptime: 4 days 16:59 hours
Hyper-V role detected

CPU: total 20 (initial active 20) (10 cores per cpu, 2 threads per core) family 6 model 154 stepping 3 microcode 0x435, cx8, cmov, fxsr, ht, mmx, 3dnowpref, sse, sse2, sse3, ssse3, sse4.1, sse4.2, popcnt, lzcnt, tsc, tscinvbit, avx, avx2, aes, erms, clmul, bmi1, bmi2, adx, sha, fma, vzeroupper, clflush, clflushopt, clwb, hv, serialize, rdtscp, rdpid, fsrm, f16c, cet_ibt, cet_ss
Processor Information for all 20 processors :
  Max Mhz: 2300, Current Mhz: 2300, Mhz Limit: 2300

Memory: 4k page, system-wide physical 16192M (1001M free)
TotalPageFile size 42047M (AvailPageFile size 39M)
current process WorkingSet (physical memory assigned to process): 14M, peak: 14M
current process commit charge ("private bytes"): 73M, peak: 74M

vm_info: Java HotSpot(TM) 64-Bit Server VM (21.0.8+12-LTS-250) for windows-amd64 JRE (21.0.8+12-LTS-250), built on 2025-06-27T08:11:22Z by "mach5one" with MS VC++ 17.6 (VS2022)

END.
